Archive member included to satisfy reference by file (symbol)

C:/ST/STM32CubeIDE_1.7.0/STM32CubeIDE/plugins/com.st.stm32cube.ide.mcu.externaltools.gnu-tools-for-stm32.12.3.rel1.win32_1.0.200.202406191623/tools/bin/../lib/gcc/arm-none-eabi/12.3.1/../../../../arm-none-eabi/lib/thumb/v7-m/nofp\libc_nano.a(libc_a-exit.o)
                              C:/ST/STM32CubeIDE_1.7.0/STM32CubeIDE/plugins/com.st.stm32cube.ide.mcu.externaltools.gnu-tools-for-stm32.12.3.rel1.win32_1.0.200.202406191623/tools/bin/../lib/gcc/arm-none-eabi/12.3.1/../../../../arm-none-eabi/lib/thumb/v7-m/nofp/crt0.o (exit)
C:/ST/STM32CubeIDE_1.7.0/STM32CubeIDE/plugins/com.st.stm32cube.ide.mcu.externaltools.gnu-tools-for-stm32.12.3.rel1.win32_1.0.200.202406191623/tools/bin/../lib/gcc/arm-none-eabi/12.3.1/../../../../arm-none-eabi/lib/thumb/v7-m/nofp\libc_nano.a(libc_a-findfp.o)
                              C:/ST/STM32CubeIDE_1.7.0/STM32CubeIDE/plugins/com.st.stm32cube.ide.mcu.externaltools.gnu-tools-for-stm32.12.3.rel1.win32_1.0.200.202406191623/tools/bin/../lib/gcc/arm-none-eabi/12.3.1/../../../../arm-none-eabi/lib/thumb/v7-m/nofp\libc_nano.a(libc_a-exit.o) (__stdio_exit_handler)
C:/ST/STM32CubeIDE_1.7.0/STM32CubeIDE/plugins/com.st.stm32cube.ide.mcu.externaltools.gnu-tools-for-stm32.12.3.rel1.win32_1.0.200.202406191623/tools/bin/../lib/gcc/arm-none-eabi/12.3.1/../../../../arm-none-eabi/lib/thumb/v7-m/nofp\libc_nano.a(libc_a-fwalk.o)
                              C:/ST/STM32CubeIDE_1.7.0/STM32CubeIDE/plugins/com.st.stm32cube.ide.mcu.externaltools.gnu-tools-for-stm32.12.3.rel1.win32_1.0.200.202406191623/tools/bin/../lib/gcc/arm-none-eabi/12.3.1/../../../../arm-none-eabi/lib/thumb/v7-m/nofp\libc_nano.a(libc_a-findfp.o) (_fwalk_sglue)
C:/ST/STM32CubeIDE_1.7.0/STM32CubeIDE/plugins/com.st.stm32cube.ide.mcu.externaltools.gnu-tools-for-stm32.12.3.rel1.win32_1.0.200.202406191623/tools/bin/../lib/gcc/arm-none-eabi/12.3.1/../../../../arm-none-eabi/lib/thumb/v7-m/nofp\libc_nano.a(libc_a-stdio.o)
                              C:/ST/STM32CubeIDE_1.7.0/STM32CubeIDE/plugins/com.st.stm32cube.ide.mcu.externaltools.gnu-tools-for-stm32.12.3.rel1.win32_1.0.200.202406191623/tools/bin/../lib/gcc/arm-none-eabi/12.3.1/../../../../arm-none-eabi/lib/thumb/v7-m/nofp\libc_nano.a(libc_a-findfp.o) (__sread)
C:/ST/STM32CubeIDE_1.7.0/STM32CubeIDE/plugins/com.st.stm32cube.ide.mcu.externaltools.gnu-tools-for-stm32.12.3.rel1.win32_1.0.200.202406191623/tools/bin/../lib/gcc/arm-none-eabi/12.3.1/../../../../arm-none-eabi/lib/thumb/v7-m/nofp\libc_nano.a(libc_a-memset.o)
                              C:/ST/STM32CubeIDE_1.7.0/STM32CubeIDE/plugins/com.st.stm32cube.ide.mcu.externaltools.gnu-tools-for-stm32.12.3.rel1.win32_1.0.200.202406191623/tools/bin/../lib/gcc/arm-none-eabi/12.3.1/../../../../arm-none-eabi/lib/thumb/v7-m/nofp/crt0.o (memset)
C:/ST/STM32CubeIDE_1.7.0/STM32CubeIDE/plugins/com.st.stm32cube.ide.mcu.externaltools.gnu-tools-for-stm32.12.3.rel1.win32_1.0.200.202406191623/tools/bin/../lib/gcc/arm-none-eabi/12.3.1/../../../../arm-none-eabi/lib/thumb/v7-m/nofp\libc_nano.a(libc_a-closer.o)
                              C:/ST/STM32CubeIDE_1.7.0/STM32CubeIDE/plugins/com.st.stm32cube.ide.mcu.externaltools.gnu-tools-for-stm32.12.3.rel1.win32_1.0.200.202406191623/tools/bin/../lib/gcc/arm-none-eabi/12.3.1/../../../../arm-none-eabi/lib/thumb/v7-m/nofp\libc_nano.a(libc_a-stdio.o) (_close_r)
C:/ST/STM32CubeIDE_1.7.0/STM32CubeIDE/plugins/com.st.stm32cube.ide.mcu.externaltools.gnu-tools-for-stm32.12.3.rel1.win32_1.0.200.202406191623/tools/bin/../lib/gcc/arm-none-eabi/12.3.1/../../../../arm-none-eabi/lib/thumb/v7-m/nofp\libc_nano.a(libc_a-reent.o)
                              C:/ST/STM32CubeIDE_1.7.0/STM32CubeIDE/plugins/com.st.stm32cube.ide.mcu.externaltools.gnu-tools-for-stm32.12.3.rel1.win32_1.0.200.202406191623/tools/bin/../lib/gcc/arm-none-eabi/12.3.1/../../../../arm-none-eabi/lib/thumb/v7-m/nofp\libc_nano.a(libc_a-closer.o) (errno)
C:/ST/STM32CubeIDE_1.7.0/STM32CubeIDE/plugins/com.st.stm32cube.ide.mcu.externaltools.gnu-tools-for-stm32.12.3.rel1.win32_1.0.200.202406191623/tools/bin/../lib/gcc/arm-none-eabi/12.3.1/../../../../arm-none-eabi/lib/thumb/v7-m/nofp\libc_nano.a(libc_a-impure.o)
                              C:/ST/STM32CubeIDE_1.7.0/STM32CubeIDE/plugins/com.st.stm32cube.ide.mcu.externaltools.gnu-tools-for-stm32.12.3.rel1.win32_1.0.200.202406191623/tools/bin/../lib/gcc/arm-none-eabi/12.3.1/../../../../arm-none-eabi/lib/thumb/v7-m/nofp\libc_nano.a(libc_a-reent.o) (_impure_ptr)
C:/ST/STM32CubeIDE_1.7.0/STM32CubeIDE/plugins/com.st.stm32cube.ide.mcu.externaltools.gnu-tools-for-stm32.12.3.rel1.win32_1.0.200.202406191623/tools/bin/../lib/gcc/arm-none-eabi/12.3.1/../../../../arm-none-eabi/lib/thumb/v7-m/nofp\libc_nano.a(libc_a-lseekr.o)
[...]
Memory Configuration

Name             Origin             Length             Attributes
RAM              0x20000000         0x00002800         xrw
FLASH            0x08000000         0x00008000         xr
*default*        0x00000000         0xffffffff

Linker script and memory map

LOAD C:/ST/STM32CubeIDE_1.7.0/STM32CubeIDE/plugins/com.st.stm32cube.ide.mcu.externaltools.gnu-tools-for-stm32.12.3.rel1.win32_1.0.200.202406191623/tools/bin/../lib/gcc/arm-none-eabi/12.3.1/thumb/v7-m/nofp/crti.o
LOAD C:/ST/STM32CubeIDE_1.7.0/STM32CubeIDE/plugins/com.st.stm32cube.ide.mcu.externaltools.gnu-tools-for-stm32.12.3.rel1.win32_1.0.200.202406191623/tools/bin/../lib/gcc/arm-none-eabi/12.3.1/thumb/v7-m/nofp/crtbegin.o
LOAD C:/ST/STM32CubeIDE_1.7.0/STM32CubeIDE/plugins/com.st.stm32cube.ide.mcu.externaltools.gnu-tools-for-stm32.12.3.rel1.win32_1.0.200.202406191623/tools/bin/../lib/gcc/arm-none-eabi/12.3.1/../../../../arm-none-eabi/lib/thumb/v7-m/nofp/crt0.o
LOAD ./Core/Src/button.o
LOAD ./Core/Src/fsm_auto.o
LOAD ./Core/Src/fsm_manual.o
LOAD ./Core/Src/global.o
LOAD ./Core/Src/led_display.o
LOAD ./Core/Src/main.o
LOAD ./Core/Src/software_timer.o
LOAD ./Core/Src/stm32f1xx_hal_msp.o
LOAD ./Core/Src/stm32f1xx_it.o
LOAD ./Core/Src/syscalls.o
LOAD ./Core/Src/sysmem.o
LOAD ./Core/Src/system_stm32f1xx.o
LOAD ./Core/Startup/startup_stm32f103c6ux.o
LOAD ./Drivers/STM32F1xx_HAL_Driver/Src/stm32f1xx_hal.o
LOAD ./Drivers/STM32F1xx_HAL_Driver/Src/stm32f1xx_hal_cortex.o
LOAD ./Drivers/STM32F1xx_HAL_Driver/Src/stm32f1xx_hal_dma.o
LOAD ./Drivers/STM32F1xx_HAL_Driver/Src/stm32f1xx_hal_exti.o
LOAD ./Drivers/STM32F1xx_HAL_Driver/Src/stm32f1xx_hal_flash.o
LOAD ./Drivers/STM32F1xx_HAL_Driver/Src/stm32f1xx_hal_flash_ex.o
LOAD ./Drivers/STM32F1xx_HAL_Driver/Src/stm32f1xx_hal_gpio.o
LOAD ./Drivers/STM32F1xx_HAL_Driver/Src/stm32f1xx_hal_gpio_ex.o
LOAD ./Drivers/STM32F1xx_HAL_Driver/Src/stm32f1xx_hal_pwr.o
LOAD ./Drivers/STM32F1xx_HAL_Driver/Src/stm32f1xx_hal_rcc.o
LOAD ./Drivers/STM32F1xx_HAL_Driver/Src/stm32f1xx_hal_rcc_ex.o
LOAD ./Drivers/STM32F1xx_HAL_Driver/Src/stm32f1xx_hal_tim.o
LOAD ./Drivers/STM32F1xx_HAL_Driver/Src/stm32f1xx_hal_tim_ex.o
START GROUP
LOAD C:/ST/STM32CubeIDE_1.7.0/STM32CubeIDE/plugins/com.st.stm32cube.ide.mcu.externaltools.gnu-tools-for-stm32.12.3.rel1.win32_1.0.200.202406191623/tools/bin/../lib/gcc/arm-none-eabi/12.3.1/../../../../arm-none-eabi/lib/thumb/v7-m/nofp\libc_nano.a
LOAD C:/ST/STM32CubeIDE_1.7.0/STM32CubeIDE/plugins/com.st.stm32cube.ide.mcu.externaltools.gnu-tools-for-stm32.12.3.rel1.win32_1.0.200.202406191623/tools/bin/../lib/gcc/arm-none-eabi/12.3.1/../../../../arm-none-eabi/lib/thumb/v7-m/nofp\libm.a
END GROUP
START GROUP
LOAD C:/ST/STM32CubeIDE_1.7.0/STM32CubeIDE/plugins/com.st.stm32cube.ide.mcu.externaltools.gnu-tools-for-stm32.12.3.rel1.win32_1.0.200.202406191623/tools/bin/../lib/gcc/arm-none-eabi/12.3.1/thumb/v7-m/nofp\libgcc.a
LOAD C:/ST/STM32CubeIDE_1.7.0/STM32CubeIDE/plugins/com.st.stm32cube.ide.mcu.externaltools.gnu-tools-for-stm32.12.3.rel1.win32_1.0.200.202406191623/tools/bin/../lib/gcc/arm-none-eabi/12.3.1/../../../../arm-none-eabi/lib/thumb/v7-m/nofp\libc_nano.a
END GROUP
START GROUP
LOAD C:/ST/STM32CubeIDE_1.7.0/STM32CubeIDE/plugins/com.st.stm32cube.ide.mcu.externaltools.gnu-tools-for-stm32.12.3.rel1.win32_1.0.200.202406191623/tools/bin/../lib/gcc/arm-none-eabi/12.3.1/thumb/v7-m/nofp\libgcc.a
LOAD C:/ST/STM32CubeIDE_1.7.0/STM32CubeIDE/plugins/com.st.stm32cube.ide.mcu.externaltools.gnu-tools-for-stm32.12.3.rel1.win32_1.0.200.202406191623/tools/bin/../lib/gcc/arm-none-eabi/12.3.1/../../../../arm-none-eabi/lib/thumb/v7-m/nofp\libc_nano.a
LOAD C:/ST/STM32CubeIDE_1.7.0/STM32CubeIDE/plugins/com.st.stm32cube.ide.mcu.externaltools.gnu-tools-for-stm32.12.3.rel1.win32_1.0.200.202406191623/tools/bin/../lib/gcc/arm-none-eabi/12.3.1/../../../../arm-none-eabi/lib/thumb/v7-m/nofp\libnosys.a
END GROUP
START GROUP
LOAD C:/ST/STM32CubeIDE_1.7.0/STM32CubeIDE/plugins/com.st.stm32cube.ide.mcu.externaltools.gnu-tools-for-stm32.12.3.rel1.win32_1.0.200.202406191623/tools/bin/../lib/gcc/arm-none-eabi/12.3.1/thumb/v7-m/nofp\libgcc.a
LOAD C:/ST/STM32CubeIDE_1.7.0/STM32CubeIDE/plugins/com.st.stm32cube.ide.mcu.externaltools.gnu-tools-for-stm32.12.3.rel1.win32_1.0.200.202406191623/tools/bin/../lib/gcc/arm-none-eabi/12.3.1/../../../../arm-none-eabi/lib/thumb/v7-m/nofp\libc_nano.a
LOAD C:/ST/STM32CubeIDE_1.7.0/STM32CubeIDE/plugins/com.st.stm32cube.ide.mcu.externaltools.gnu-tools-for-stm32.12.3.rel1.win32_1.0.200.202406191623/tools/bin/../lib/gcc/arm-none-eabi/12.3.1/../../../../arm-none-eabi/lib/thumb/v7-m/nofp\libnosys.a
END GROUP
LOAD C:/ST/STM32CubeIDE_1.7.0/STM32CubeIDE/plugins/com.st.stm32cube.ide.mcu.externaltools.gnu-tools-for-stm32.12.3.rel1.win32_1.0.200.202406191623/tools/bin/../lib/gcc/arm-none-eabi/12.3.1/thumb/v7-m/nofp/crtend.o
LOAD C:/ST/STM32CubeIDE_1.7.0/STM32CubeIDE/plugins/com.st.stm32cube.ide.mcu.externaltools.gnu-tools-for-stm32.12.3.rel1.win32_1.0.200.202406191623/tools/bin/../lib/gcc/arm-none-eabi/12.3.1/thumb/v7-m/nofp/crtn.o
                0x20002800                        _estack = (ORIGIN (RAM) + LENGTH (RAM))
                0x00000200                        _Min_Heap_Size = 0x200
                0x00000400                        _Min_Stack_Size = 0x400

.isr_vector     0x08000000      0x10c
                0x08000000                        . = ALIGN (0x4)
 *(.isr_vector)
 .isr_vector    0x08000000      0x10c ./Core/Startup/startup_stm32f103c6ux.o
                0x08000000                g_pfnVectors
                0x0800010c                        . = ALIGN (0x4)

.text           0x0800010c     0x1e2c
                0x0800010c                        . = ALIGN (0x4)
 *(.text)
 .text          0x0800010c       0x40 C:/ST/STM32CubeIDE_1.7.0/STM32CubeIDE/plugins/com.st.stm32cube.ide.mcu.externaltools.gnu-tools-for-stm32.12.3.rel1.win32_1.0.200.202406191623/tools/bin/../lib/gcc/arm-none-eabi/12.3.1/thumb/v7-m/nofp/crtbegin.o
 *(.text*)
 .text.isButtonPressed
                0x0800014c       0x34 ./Core/Src/button.o
                0x0800014c                isButtonPressed
 .text.auto_run
                0x08000180      0x2a8 ./Core/Src/fsm_auto.o
                0x08000180                auto_run
 .text.setValues
                0x08000428       0xb0 ./Core/Src/global.o
                0x08000428                setValues
 .text.displayFirstLedCouple
                0x080004d8       0xb8 ./Core/Src/led_display.o
                0x080004d8                displayFirstLedCouple
 .text.displaySecondLedCouple
                0x08000590       0xb8 ./Core/Src/led_display.o
                0x08000590                displaySecondLedCouple
 .text.displaySEG7_1
                0x08000648       0x64 ./Core/Src/led_display.o
                0x08000648                displaySEG7_1
 .text.displaySEG7_2
                0x080006ac       0x64 ./Core/Src/led_display.o
                0x080006ac                displaySEG7_2
 .text.enable0  0x08000710       0x24 ./Core/Src/led_display.o
                0x08000710                enable0
 .text.enable1  0x08000734       0x24 ./Core/Src/led_display.o
                0x08000734                enable1
 .text.enable2  0x08000758       0x24 ./Core/Src/led_display.o
                0x08000758                enable2
 .text.enable3  0x0800077c       0x24 ./Core/Src/led_display.o
                0x0800077c                enable3
 .text.showTimeDelay_First
                0x080007a0       0x54 ./Core/Src/led_display.o
                0x080007a0                showTimeDelay_First
 .text.showTimeDelay_Second
                0x080007f4       0x68 ./Core/Src/led_display.o
                0x080007f4                showTimeDelay_Second
 .text.main     0x0800085c       0x30 ./Core/Src/main.o
                0x0800085c                main
 .text.SystemClock_Config
                0x0800088c       0x76 ./Core/Src/main.o
                0x0800088c                SystemClock_Config
 *fill*         0x08000902        0x2 
 .text.MX_TIM2_Init
                0x08000904       0x98 ./Core/Src/main.o
 .text.MX_GPIO_Init
                0x0800099c       0xc8 ./Core/Src/main.o
 .text.Error_Handler
                0x08000a64        0xc ./Core/Src/main.o
                0x08000a64                Error_Handler
 .text.setTimer
                0x08000a70       0x30 ./Core/Src/software_timer.o
                0x08000a70                setTimer
 .text.HAL_MspInit
                0x08000aa0       0x64 ./Core/Src/stm32f1xx_hal_msp.o
                0x08000aa0                HAL_MspInit
 .text.HAL_TIM_Base_MspInit
                0x08000b04       0x38 ./Core/Src/stm32f1xx_hal_msp.o
                0x08000b04                HAL_TIM_Base_MspInit
 .text.NMI_Handler
                0x08000b3c        0x8 ./Core/Src/stm32f1xx_it.o
                0x08000b3c                NMI_Handler
 .text.HardFault_Handler
                0x08000b44        0x8 ./Core/Src/stm32f1xx_it.o
                0x08000b44                HardFault_Handler
 .text.MemManage_Handler
                0x08000b4c        0x8 ./Core/Src/stm32f1xx_it.o
                0x08000b4c                MemManage_Handler
 .text.BusFault_Handler
                0x08000b54        0x8 ./Core/Src/stm32f1xx_it.o
                0x08000b54                BusFault_Handler
 .text.UsageFault_Handler
                0x08000b5c        0x8 ./Core/Src/stm32f1xx_it.o
                0x08000b5c                UsageFault_Handler
 .text.SVC_Handler
                0x08000b64        0xc ./Core/Src/stm32f1xx_it.o
                0x08000b64                SVC_Handler
 .text.DebugMon_Handler
                0x08000b70        0xc ./Core/Src/stm32f1xx_it.o
                0x08000b70                DebugMon_Handler
 .text.PendSV_Handler
                0x08000b7c        0xc ./Core/Src/stm32f1xx_it.o
                0x08000b7c                PendSV_Handler
 .text.SysTick_Handler
                0x08000b88        0xc ./Core/Src/stm32f1xx_it.o
                0x08000b88                SysTick_Handler
 .text.SystemInit
                0x08000b94        0xc ./Core/Src/system_stm32f1xx.o
                0x08000b94                SystemInit
 .text.Reset_Handler
                0x08000ba0       0x48 ./Core/Startup/startup_stm32f103c6ux.o
                0x08000ba0                Reset_Handler
 .text.Default_Handler
                0x08000be8        0x2 ./Core/Startup/startup_stm32f103c6ux.o
                0x08000be8                RTC_Alarm_IRQHandler
                0x08000be8                EXTI2_IRQHandler
                0x08000be8                TIM1_CC_IRQHandler
                0x08000be8                PVD_IRQHandler
                0x08000be8                EXTI3_IRQHandler
                0x08000be8                EXTI0_IRQHandler
                0x08000be8                ADC1_2_IRQHandler
                0x08000be8                SPI1_IRQHandler
                0x08000be8                TAMPER_IRQHandler
                0x08000be8                DMA1_Channel4_IRQHandler
                0x08000be8                RTC_IRQHandler
                0x08000be8                DMA1_Channel7_IRQHandler
                0x08000be8                CAN1_RX1_IRQHandler
                0x08000be8                I2C1_EV_IRQHandler
                0x08000be8                DMA1_Channel6_IRQHandler
                0x08000be8                TIM3_IRQHandler
                0x08000be8                RCC_IRQHandler
                0x08000be8                TIM1_TRG_COM_IRQHandler
                0x08000be8                DMA1_Channel1_IRQHandler
                0x08000be8                Default_Handler
                0x08000be8                EXTI15_10_IRQHandler
                0x08000be8                EXTI9_5_IRQHandler
                0x08000be8                DMA1_Channel5_IRQHandler
                0x08000be8                EXTI4_IRQHandler
                0x08000be8                USB_LP_CAN1_RX0_IRQHandler
                0x08000be8                USB_HP_CAN1_TX_IRQHandler
                0x08000be8                DMA1_Channel3_IRQHandler
                0x08000be8                TIM1_UP_IRQHandler
                0x08000be8                WWDG_IRQHandler
                0x08000be8                TIM2_IRQHandler
                0x08000be8                TIM1_BRK_IRQHandler
                0x08000be8                EXTI1_IRQHandler
                0x08000be8                USART2_IRQHandler
                0x08000be8                DMA1_Channel2_IRQHandler
                0x08000be8                CAN1_SCE_IRQHandler
                0x08000be8                FLASH_IRQHandler
                0x08000be8                USART1_IRQHandler
                0x08000be8                I2C1_ER_IRQHandler
                0x08000be8                USBWakeUp_IRQHandler
 *fill*         0x08000bea        0x2 
 .text.HAL_Init
                0x08000bec       0x2c ./Drivers/STM32F1xx_HAL_Driver/Src/stm32f1xx_hal.o
                0x08000bec                HAL_Init
 .text.HAL_InitTick
                0x08000c18       0x60 ./Drivers/STM32F1xx_HAL_Driver/Src/stm32f1xx_hal.o
                0x08000c18                HAL_InitTick
 .text.HAL_IncTick
                0x08000c78       0x24 ./Drivers/STM32F1xx_HAL_Driver/Src/stm32f1xx_hal.o
                0x08000c78                HAL_IncTick
 .text.HAL_GetTick
                0x08000c9c       0x14 ./Drivers/STM32F1xx_HAL_Driver/Src/stm32f1xx_hal.o
                0x08000c9c                HAL_GetTick
 .text.__NVIC_SetPriorityGrouping
                0x08000cb0       0x48 ./Drivers/STM32F1xx_HAL_Driver/Src/stm32f1xx_hal_cortex.o
 .text.__NVIC_GetPriorityGrouping
                0x08000cf8       0x1c ./Drivers/STM32F1xx_HAL_Driver/Src/stm32f1xx_hal_cortex.o
 .text.__NVIC_SetPriority
                0x08000d14       0x54 ./Drivers/STM32F1xx_HAL_Driver/Src/stm32f1xx_hal_cortex.o
 .text.NVIC_EncodePriority
                0x08000d68       0x64 ./Drivers/STM32F1xx_HAL_Driver/Src/stm32f1xx_hal_cortex.o
 .text.SysTick_Config
                0x08000dcc       0x44 ./Drivers/STM32F1xx_HAL_Driver/Src/stm32f1xx_hal_cortex.o
 .text.HAL_NVIC_SetPriorityGrouping
                0x08000e10       0x16 ./Drivers/STM32F1xx_HAL_Driver/Src/stm32f1xx_hal_cortex.o
                0x08000e10                HAL_NVIC_SetPriorityGrouping
 .text.HAL_NVIC_SetPriority
                0x08000e26       0x38 ./Drivers/STM32F1xx_HAL_Driver/Src/stm32f1xx_hal_cortex.o
                0x08000e26                HAL_NVIC_SetPriority
 .text.HAL_SYSTICK_Config
                0x08000e5e       0x18 ./Drivers/STM32F1xx_HAL_Driver/Src/stm32f1xx_hal_cortex.o
                0x08000e5e                HAL_SYSTICK_Config
 *fill*         0x08000e76        0x2 
 .text.HAL_GPIO_Init
                0x08000e78      0x2f8 ./Drivers/STM32F1xx_HAL_Driver/Src/stm32f1xx_hal_gpio.o
                0x08000e78                HAL_GPIO_Init
 .text.HAL_GPIO_WritePin
                0x08001170       0x30 ./Drivers/STM32F1xx_HAL_Driver/Src/stm32f1xx_hal_gpio.o
                0x08001170                HAL_GPIO_WritePin
 .text.HAL_RCC_OscConfig
                0x080011a0      0x504 ./Drivers/STM32F1xx_HAL_Driver/Src/stm32f1xx_hal_rcc.o
                0x080011a0                HAL_RCC_OscConfig
 .text.HAL_RCC_ClockConfig
                0x080016a4      0x1d4 ./Drivers/STM32F1xx_HAL_Driver/Src/stm32f1xx_hal_rcc.o
                0x080016a4                HAL_RCC_ClockConfig
 .text.HAL_RCC_GetSysClockFreq
                0x08001878       0xa8 ./Drivers/STM32F1xx_HAL_Driver/Src/stm32f1xx_hal_rcc.o
                0x08001878                HAL_RCC_GetSysClockFreq
 .text.RCC_Delay
                0x08001920       0x3c ./Drivers/STM32F1xx_HAL_Driver/Src/stm32f1xx_hal_rcc.o
 .text.HAL_TIM_Base_Init
                0x0800195c       0x9e ./Drivers/STM32F1xx_HAL_Driver/Src/stm32f1xx_hal_tim.o
                0x0800195c                HAL_TIM_Base_Init
 *fill*         0x080019fa        0x2 
 .text.HAL_TIM_Base_Start_IT
                0x080019fc       0x98 ./Drivers/STM32F1xx_HAL_Driver/Src/stm32f1xx_hal_tim.o
                0x080019fc                HAL_TIM_Base_Start_IT
 .text.HAL_TIM_ConfigClockSource
                0x08001a94      0x18e ./Drivers/STM32F1xx_HAL_Driver/Src/stm32f1xx_hal_tim.o
                0x08001a94                HAL_TIM_ConfigClockSource
 *fill*         0x08001c22        0x2 
 .text.TIM_Base_SetConfig
                0x08001c24       0xc8 ./Drivers/STM32F1xx_HAL_Driver/Src/stm32f1xx_hal_tim.o
                0x08001c24                TIM_Base_SetConfig
 .text.TIM_TI1_ConfigInputStage
                0x08001cec       0x5c ./Drivers/STM32F1xx_HAL_Driver/Src/stm32f1xx_hal_tim.o
 .text.TIM_TI2_ConfigInputStage
                0x08001d48       0x5e ./Drivers/STM32F1xx_HAL_Driver/Src/stm32f1xx_hal_tim.o
 .text.TIM_ITRx_SetConfig
                0x08001da6       0x34 ./Drivers/STM32F1xx_HAL_Driver/Src/stm32f1xx_hal_tim.o
 .text.TIM_ETR_SetConfig
                0x08001dda       0x3e ./Drivers/STM32F1xx_HAL_Driver/Src/stm32f1xx_hal_tim.o
                0x08001dda                TIM_ETR_SetConfig
 .text.HAL_TIMEx_MasterConfigSynchronization
                0x08001e18       0xb0 ./Drivers/STM32F1xx_HAL_Driver/Src/stm32f1xx_hal_tim_ex.o
                0x08001e18                HAL_TIMEx_MasterConfigSynchronization
 .text.memset   0x08001ec8       0x10 C:/ST/STM32CubeIDE_1.7.0/STM32CubeIDE/plugins/com.st.stm32cube.ide.mcu.externaltools.gnu-tools-for-stm32.12.3.rel1.win32_1.0.200.202406191623/tools/bin/../lib/gcc/arm-none-eabi/12.3.1/../../../../arm-none-eabi/lib/thumb/v7-m/nofp\libc_nano.a(libc_a-memset.o)
                0x08001ec8                memset
 .text.__libc_init_array
                0x08001ed8       0x48 C:/ST/STM32CubeIDE_1.7.0/STM32CubeIDE/plugins/com.st.stm32cube.ide.mcu.externaltools.gnu-tools-for-stm32.12.3.rel1.win32_1.0.200.202406191623/tools/bin/../lib/gcc/arm-none-eabi/12.3.1/../../../../arm-none-eabi/lib/thumb/v7-m/nofp\libc_nano.a(libc_a-init.o)
                0x08001ed8                __libc_init_array
 *(.glue_7)
 .glue_7        0x08001f20        0x0 linker stubs
 *(.glue_7t)
 .glue_7t       0x08001f20        0x0 linker stubs
 *(.eh_frame)
 .eh_frame      0x08001f20        0x0 C:/ST/STM32CubeIDE_1.7.0/STM32CubeIDE/plugins/com.st.stm32cube.ide.mcu.externaltools.gnu-tools-for-stm32.12.3.rel1.win32_1.0.200.202406191623/tools/bin/../lib/gcc/arm-none-eabi/12.3.1/thumb/v7-m/nofp/crtbegin.o
 *(.init)
 .init          0x08001f20        0x4 C:/ST/STM32CubeIDE_1.7.0/STM32CubeIDE/plugins/com.st.stm32cube.ide.mcu.externaltools.gnu-tools-for-stm32.12.3.rel1.win32_1.0.200.202406191623/tools/bin/../lib/gcc/arm-none-eabi/12.3.1/thumb/v7-m/nofp/crti.o
                0x08001f20                _init
 .init          0x08001f24        0x8 C:/ST/STM32CubeIDE_1.7.0/STM32CubeIDE/plugins/com.st.stm32cube.ide.mcu.externaltools.gnu-tools-for-stm32.12.3.rel1.win32_1.0.200.202406191623/tools/bin/../lib/gcc/arm-none-eabi/12.3.1/thumb/v7-m/nofp/crtn.o
 *(.fini)
 .fini          0x08001f2c        0x4 C:/ST/STM32CubeIDE_1.7.0/STM32CubeIDE/plugins/com.st.stm32cube.ide.mcu.externaltools.gnu-tools-for-stm32.12.3.rel1.win32_1.0.200.202406191623/tools/bin/../lib/gcc/arm-none-eabi/12.3.1/thumb/v7-m/nofp/crti.o
                0x08001f2c                _fini
 .fini          0x08001f30        0x8 C:/ST/STM32CubeIDE_1.7.0/STM32CubeIDE/plugins/com.st.stm32cube.ide.mcu.externaltools.gnu-tools-for-stm32.12.3.rel1.win32_1.0.200.202406191623/tools/bin/../lib/gcc/arm-none-eabi/12.3.1/thumb/v7-m/nofp/crtn.o
                0x08001f38                        . = ALIGN (0x4)
                0x08001f38                        _etext = .

.vfp11_veneer   0x08001f38        0x0
 .vfp11_veneer  0x08001f38        0x0 linker stubs

.v4_bx          0x08001f38        0x0
 .v4_bx         0x08001f38        0x0 linker stubs

.iplt           0x08001f38        0x0
 .iplt          0x08001f38        0x0 C:/ST/STM32CubeIDE_1.7.0/STM32CubeIDE/plugins/com.st.stm32cube.ide.mcu.externaltools.gnu-tools-for-stm32.12.3.rel1.win32_1.0.200.202406191623/tools/bin/../lib/gcc/arm-none-eabi/12.3.1/thumb/v7-m/nofp/crtbegin.o

.rodata         0x08001f38       0x30
                0x08001f38                        . = ALIGN (0x4)
 *(.rodata)
 .rodata        0x08001f38        0xa ./Core/Src/led_display.o
 *(.rodata*)
 *fill*         0x08001f42        0x2 
 .rodata.AHBPrescTable
                0x08001f44       0x10 ./Core/Src/system_stm32f1xx.o
                0x08001f44                AHBPrescTable
 .rodata.aPLLMULFactorTable.1
                0x08001f54       0x10 ./Drivers/STM32F1xx_HAL_Driver/Src/stm32f1xx_hal_rcc.o
 .rodata.aPredivFactorTable.0
                0x08001f64        0x2 ./Drivers/STM32F1xx_HAL_Driver/Src/stm32f1xx_hal_rcc.o
                0x08001f68                        . = ALIGN (0x4)
 *fill*         0x08001f66        0x2 

.ARM.extab      0x08001f68        0x0
                0x08001f68                        . = ALIGN (0x4)
 *(.ARM.extab* .gnu.linkonce.armextab.*)
                0x08001f68                        . = ALIGN (0x4)

.ARM            0x08001f68        0x0
                0x08001f68                        . = ALIGN (0x4)
                0x08001f68                        __exidx_start = .
 *(.ARM.exidx*)
                0x08001f68                        __exidx_end = .
                0x08001f68                        . = ALIGN (0x4)

.preinit_array  0x08001f68        0x0
                0x08001f68                        . = ALIGN (0x4)
                0x08001f68                        PROVIDE (__preinit_array_start = .)
 *(.preinit_array*)
                0x08001f68                        PROVIDE (__preinit_array_end = .)
                0x08001f68                        . = ALIGN (0x4)

.init_array     0x08001f68        0x4
                0x08001f68                        . = ALIGN (0x4)
                0x08001f68                        PROVIDE (__init_array_start = .)
 *(SORT_BY_NAME(.init_array.*))
 *(.init_array*)
 .init_array    0x08001f68        0x4 C:/ST/STM32CubeIDE_1.7.0/STM32CubeIDE/plugins/com.st.stm32cube.ide.mcu.externaltools.gnu-tools-for-stm32.12.3.rel1.win32_1.0.200.202406191623/tools/bin/../lib/gcc/arm-none-eabi/12.3.1/thumb/v7-m/nofp/crtbegin.o
                0x08001f6c                        PROVIDE (__init_array_end = .)
                0x08001f6c                        . = ALIGN (0x4)

.fini_array     0x08001f6c        0x4
                0x08001f6c                        . = ALIGN (0x4)
                [!provide]                        PROVIDE (__fini_array_start = .)
 *(SORT_BY_NAME(.fini_array.*))
 *(.fini_array*)
 .fini_array    0x08001f6c        0x4 C:/ST/STM32CubeIDE_1.7.0/STM32CubeIDE/plugins/com.st.stm32cube.ide.mcu.externaltools.gnu-tools-for-stm32.12.3.rel1.win32_1.0.200.202406191623/tools/bin/../lib/gcc/arm-none-eabi/12.3.1/thumb/v7-m/nofp/crtbegin.o
                [!provide]                        PROVIDE (__fini_array_end = .)
                0x08001f70                        . = ALIGN (0x4)
                0x08001f70                        _sidata = LOADADDR (.data)

.rel.dyn        0x08001f70        0x0
 .rel.iplt      0x08001f70        0x0 C:/ST/STM32CubeIDE_1.7.0/STM32CubeIDE/plugins/com.st.stm32cube.ide.mcu.externaltools.gnu-tools-for-stm32.12.3.rel1.win32_1.0.200.202406191623/tools/bin/../lib/gcc/arm-none-eabi/12.3.1/thumb/v7-m/nofp/crtbegin.o

.data           0x20000000       0x18 load address 0x08001f70
                0x20000000                        . = ALIGN (0x4)
                0x20000000                        _sdata = .
 *(.data)
 *(.data*)
 .data.redDelay
                0x20000000        0x4 ./Core/Src/global.o
                0x20000000                redDelay
 .data.greenDelay
                0x20000004        0x4 ./Core/Src/global.o
                0x20000004                greenDelay
 .data.yellowDelay
                0x20000008        0x4 ./Core/Src/global.o
                0x20000008                yellowDelay
 .data.SystemCoreClock
                0x2000000c        0x4 ./Core/Src/system_stm32f1xx.o
                0x2000000c                SystemCoreClock
 .data.uwTickPrio
                0x20000010        0x4 ./Drivers/STM32F1xx_HAL_Driver/Src/stm32f1xx_hal.o
                0x20000010                uwTickPrio
 .data.uwTickFreq
                0x20000014        0x1 ./Drivers/STM32F1xx_HAL_Driver/Src/stm32f1xx_hal.o
                0x20000014                uwTickFreq
 *(.RamFunc)
 *(.RamFunc*)
                0x20000018                        . = ALIGN (0x4)
 *fill*         0x20000015        0x3 
                0x20000018                        _edata = .

.igot.plt       0x20000018        0x0 load address 0x08001f88
 .igot.plt      0x20000018        0x0 C:/ST/STM32CubeIDE_1.7.0/STM32CubeIDE/plugins/com.st.stm32cube.ide.mcu.externaltools.gnu-tools-for-stm32.12.3.rel1.win32_1.0.200.202406191623/tools/bin/../lib/gcc/arm-none-eabi/12.3.1/thumb/v7-m/nofp/crtbegin.o
                0x20000018                        . = ALIGN (0x4)

.bss            0x20000018       0xdc load address 0x08001f88
                0x20000018                        _sbss = .
                0x20000018                        __bss_start__ = _sbss
 *(.bss)
 .bss           0x20000018       0x1c C:/ST/STM32CubeIDE_1.7.0/STM32CubeIDE/plugins/com.st.stm32cube.ide.mcu.externaltools.gnu-tools-for-stm32.12.3.rel1.win32_1.0.200.202406191623/tools/bin/../lib/gcc/arm-none-eabi/12.3.1/thumb/v7-m/nofp/crtbegin.o
 *(.bss*)
 .bss.button_flag
                0x20000034        0xc ./Core/Src/button.o
                0x20000034                button_flag
 .bss.MODE      0x20000040        0x1 ./Core/Src/global.o
                0x20000040                MODE
 .bss.mode2Toggle
                0x20000041        0x1 ./Core/Src/global.o
                0x20000041                mode2Toggle
 .bss.mode2Seg  0x20000042        0x1 ./Core/Src/global.o
                0x20000042                mode2Seg
 .bss.mode2Increase
                0x20000043        0x1 ./Core/Src/global.o
                0x20000043                mode2Increase
 .bss.mode3Toggle
                0x20000044        0x1 ./Core/Src/global.o
                0x20000044                mode3Toggle
 .bss.mode3Seg  0x20000045        0x1 ./Core/Src/global.o
                0x20000045                mode3Seg
 .bss.mode3Increase
                0x20000046        0x1 ./Core/Src/global.o
                0x20000046                mode3Increase
 .bss.mode4Toggle
                0x20000047        0x1 ./Core/Src/global.o
                0x20000047                mode4Toggle
 .bss.mode4Seg  0x20000048        0x1 ./Core/Src/global.o
                0x20000048                mode4Seg
 .bss.mode4Increase
                0x20000049        0x1 ./Core/Src/global.o
                0x20000049                mode4Increase
 .bss.firstCoupleLedAutoState
                0x2000004a        0x1 ./Core/Src/global.o
                0x2000004a                firstCoupleLedAutoState
 .bss.secondCoupleLedAutoState
                0x2000004b        0x1 ./Core/Src/global.o
                0x2000004b                secondCoupleLedAutoState
 .bss.seg7AutoState
                0x2000004c        0x1 ./Core/Src/global.o
                0x2000004c                seg7AutoState
 *fill*         0x2000004d        0x3 
 .bss.countdownFirstCoupleLed
                0x20000050        0x4 ./Core/Src/global.o
                0x20000050                countdownFirstCoupleLed
 .bss.countdownSecondCoupleLed
                0x20000054        0x4 ./Core/Src/global.o
                0x20000054                countdownSecondCoupleLed
 .bss.htim2     0x20000058       0x48 ./Core/Src/main.o
                0x20000058                htim2
 .bss.timer_counter
                0x200000a0       0x28 ./Core/Src/software_timer.o
                0x200000a0                timer_counter
 .bss.timer_flag
                0x200000c8       0x28 ./Core/Src/software_timer.o
                0x200000c8                timer_flag
 .bss.uwTick    0x200000f0        0x4 ./Drivers/STM32F1xx_HAL_Driver/Src/stm32f1xx_hal.o
                0x200000f0                uwTick
 *(COMMON)
                0x200000f4                        . = ALIGN (0x4)
                0x200000f4                        _ebss = .
                0x200000f4                        __bss_end__ = _ebss

._user_heap_stack
                0x200000f4      0x604 load address 0x08001f88
                0x200000f8                        . = ALIGN (0x8)
 *fill*         0x200000f4        0x4 
                [!provide]                        PROVIDE (end = .)
                0x200000f8                        PROVIDE (_end = .)
                0x200002f8                        . = (. + _Min_Heap_Size)
 *fill*         0x200000f8      0x200 
                0x200006f8                        . = (. + _Min_Stack_Size)
 *fill*         0x200002f8      0x400 
                0x200006f8                        . = ALIGN (0x8)

/DISCARD/
 libc.a(*)
 libm.a(*)
 libgcc.a(*)

.ARM.attributes
                0x00000000       0x29
 *(.ARM.attributes)
 .ARM.attributes
                0x00000000       0x1d C:/ST/STM32CubeIDE_1.7.0/STM32CubeIDE/plugins/com.st.stm32cube.ide.mcu.externaltools.gnu-tools-for-stm32.12.3.rel1.win32_1.0.200.202406191623/tools/bin/../lib/gcc/arm-none-eabi/12.3.1/thumb/v7-m/nofp/crti.o
 .ARM.attributes
                0x0000001d       0x2d C:/ST/STM32CubeIDE_1.7.0/STM32CubeIDE/plugins/com.st.stm32cube.ide.mcu.externaltools.gnu-tools-for-stm32.12.3.rel1.win32_1.0.200.202406191623/tools/bin/../lib/gcc/arm-none-eabi/12.3.1/thumb/v7-m/nofp/crtbegin.o
 .ARM.attributes
                0x0000004a       0x2d ./Core/Src/button.o
 .ARM.attributes
                0x00000077       0x2d ./Core/Src/fsm_auto.o
 .ARM.attributes
                0x000000a4       0x2d ./Core/Src/global.o
 .ARM.attributes
                0x000000d1       0x2d ./Core/Src/led_display.o
 .ARM.attributes
                0x000000fe       0x2d ./Core/Src/main.o
 .ARM.attributes
                0x0000012b       0x2d ./Core/Src/software_timer.o
 .ARM.attributes
                0x00000158       0x2d ./Core/Src/stm32f1xx_hal_msp.o
 .ARM.attributes
                0x00000185       0x2d ./Core/Src/stm32f1xx_it.o
 .ARM.attributes
                0x000001b2       0x2d ./Core/Src/system_stm32f1xx.o
 .ARM.attributes
                0x000001df       0x21 ./Core/Startup/startup_stm32f103c6ux.o
 .ARM.attributes
                0x00000200       0x2d ./Drivers/STM32F1xx_HAL_Driver/Src/stm32f1xx_hal.o
 .ARM.attributes
                0x0000022d       0x2d ./Drivers/STM32F1xx_HAL_Driver/Src/stm32f1xx_hal_cortex.o
 .ARM.attributes
                0x0000025a       0x2d ./Drivers/STM32F1xx_HAL_Driver/Src/stm32f1xx_hal_gpio.o
 .ARM.attributes
                0x00000287       0x2d ./Drivers/STM32F1xx_HAL_Driver/Src/stm32f1xx_hal_rcc.o
 .ARM.attributes
                0x000002b4       0x2d ./Drivers/STM32F1xx_HAL_Driver/Src/stm32f1xx_hal_tim.o
 .ARM.attributes
                0x000002e1       0x2d ./Drivers/STM32F1xx_HAL_Driver/Src/stm32f1xx_hal_tim_ex.o
 .ARM.attributes
                0x0000030e       0x2d C:/ST/STM32CubeIDE_1.7.0/STM32CubeIDE/plugins/com.st.stm32cube.ide.mcu.externaltools.gnu-tools-for-stm32.12.3.rel1.win32_1.0.200.202406191623/tools/bin/../lib/gcc/arm-none-eabi/12.3.1/../../../../arm-none-eabi/lib/thumb/v7-m/nofp\libc_nano.a(libc_a-memset.o)
 .ARM.attributes
                0x0000033b       0x2d C:/ST/STM32CubeIDE_1.7.0/STM32CubeIDE/plugins/com.st.stm32cube.ide.mcu.externaltools.gnu-tools-for-stm32.12.3.rel1.win32_1.0.200.202406191623/tools/bin/../lib/gcc/arm-none-eabi/12.3.1/../../../../arm-none-eabi/lib/thumb/v7-m/nofp\libc_nano.a(libc_a-init.o)
 .ARM.attributes
                0x00000368       0x1d C:/ST/STM32CubeIDE_1.7.0/STM32CubeIDE/plugins/com.st.stm32cube.ide.mcu.externaltools.gnu-tools-for-stm32.12.3.rel1.win32_1.0.200.202406191623/tools/bin/../lib/gcc/arm-none-eabi/12.3.1/thumb/v7-m/nofp/crtn.o
OUTPUT(lab_3.elf elf32-littlearm)
LOAD linker stubs
LOAD C:/ST/STM32CubeIDE_1.7.0/STM32CubeIDE/plugins/com.st.stm32cube.ide.mcu.externaltools.gnu-tools-for-stm32.12.3.rel1.win32_1.0.200.202406191623/tools/bin/../lib/gcc/arm-none-eabi/12.3.1/../../../../arm-none-eabi/lib/thumb/v7-m/nofp\libc.a
LOAD C:/ST/STM32CubeIDE_1.7.0/STM32CubeIDE/plugins/com.st.stm32cube.ide.mcu.externaltools.gnu-tools-for-stm32.12.3.rel1.win32_1.0.200.202406191623/tools/bin/../lib/gcc/arm-none-eabi/12.3.1/../../../../arm-none-eabi/lib/thumb/v7-m/nofp\libm.a
LOAD C:/ST/STM32CubeIDE_1.7.0/STM32CubeIDE/plugins/com.st.stm32cube.ide.mcu.externaltools.gnu-tools-for-stm32.12.3.rel1.win32_1.0.200.202406191623/tools/bin/../lib/gcc/arm-none-eabi/12.3.1/thumb/v7-m/nofp\libgcc.a

.debug_info     0x00000000     0x8059
 .debug_info    0x00000000      0x26a ./Core/Src/button.o
 .debug_info    0x0000026a      0x2e4 ./Core/Src/fsm_auto.o
 .debug_info    0x0000054e      0x2df ./Core/Src/global.o
 .debug_info    0x0000082d      0x3c9 ./Core/Src/led_display.o
 .debug_info    0x00000bf6      0xbcb ./Core/Src/main.o
 .debug_info    0x000017c1       0xc8 ./Core/Src/software_timer.o
 .debug_info    0x00001889      0x7a8 ./Core/Src/stm32f1xx_hal_msp.o
 .debug_info    0x00002031      0x113 ./Core/Src/stm32f1xx_it.o
 .debug_info    0x00002144      0x222 ./Core/Src/system_stm32f1xx.o
 .debug_info    0x00002366       0x30 ./Core/Startup/startup_stm32f103c6ux.o
 .debug_info    0x00002396      0x6e6 ./Drivers/STM32F1xx_HAL_Driver/Src/stm32f1xx_hal.o
 .debug_info    0x00002a7c      0xa69 ./Drivers/STM32F1xx_HAL_Driver/Src/stm32f1xx_hal_cortex.o
 .debug_info    0x000034e5      0x5ab ./Drivers/STM32F1xx_HAL_Driver/Src/stm32f1xx_hal_gpio.o
 .debug_info    0x00003a90      0x7d5 ./Drivers/STM32F1xx_HAL_Driver/Src/stm32f1xx_hal_rcc.o
 .debug_info    0x00004265     0x2959 ./Drivers/STM32F1xx_HAL_Driver/Src/stm32f1xx_hal_tim.o
 .debug_info    0x00006bbe     0x149b ./Drivers/STM32F1xx_HAL_Driver/Src/stm32f1xx_hal_tim_ex.o

.debug_abbrev   0x00000000     0x1a3f
 .debug_abbrev  0x00000000      0x177 ./Core/Src/button.o
 .debug_abbrev  0x00000177      0x13d ./Core/Src/fsm_auto.o
 .debug_abbrev  0x000002b4       0x94 ./Core/Src/global.o
 .debug_abbrev  0x00000348      0x19f ./Core/Src/led_display.o
 .debug_abbrev  0x000004e7      0x2ce ./Core/Src/main.o
 .debug_abbrev  0x000007b5       0xb7 ./Core/Src/software_timer.o
 .debug_abbrev  0x0000086c      0x18e ./Core/Src/stm32f1xx_hal_msp.o
 .debug_abbrev  0x000009fa       0x73 ./Core/Src/stm32f1xx_it.o
 .debug_abbrev  0x00000a6d      0x13f ./Core/Src/system_stm32f1xx.o
 .debug_abbrev  0x00000bac       0x24 ./Core/Startup/startup_stm32f103c6ux.o
 .debug_abbrev  0x00000bd0      0x201 ./Drivers/STM32F1xx_HAL_Driver/Src/stm32f1xx_hal.o
 .debug_abbrev  0x00000dd1      0x2f8 ./Drivers/STM32F1xx_HAL_Driver/Src/stm32f1xx_hal_cortex.o
 .debug_abbrev  0x000010c9      0x1ca ./Drivers/STM32F1xx_HAL_Driver/Src/stm32f1xx_hal_gpio.o
 .debug_abbrev  0x00001293      0x2b3 ./Drivers/STM32F1xx_HAL_Driver/Src/stm32f1xx_hal_rcc.o
 .debug_abbrev  0x00001546      0x277 ./Drivers/STM32F1xx_HAL_Driver/Src/stm32f1xx_hal_tim.o
 .debug_abbrev  0x000017bd      0x282 ./Drivers/STM32F1xx_HAL_Driver/Src/stm32f1xx_hal_tim_ex.o

.debug_aranges  0x00000000      0xa50
 .debug_aranges
                0x00000000       0x30 ./Core/Src/button.o
 .debug_aranges
                0x00000030       0x20 ./Core/Src/fsm_auto.o
 .debug_aranges
                0x00000050       0x20 ./Core/Src/global.o
 .debug_aranges
                0x00000070       0x90 ./Core/Src/led_display.o
 .debug_aranges
                0x00000100       0x48 ./Core/Src/main.o
 .debug_aranges
                0x00000148       0x28 ./Core/Src/software_timer.o
 .debug_aranges
                0x00000170       0x30 ./Core/Src/stm32f1xx_hal_msp.o
 .debug_aranges
                0x000001a0       0x60 ./Core/Src/stm32f1xx_it.o
 .debug_aranges
                0x00000200       0x28 ./Core/Src/system_stm32f1xx.o
 .debug_aranges
                0x00000228       0x28 ./Core/Startup/startup_stm32f103c6ux.o
 .debug_aranges
                0x00000250       0xe0 ./Drivers/STM32F1xx_HAL_Driver/Src/stm32f1xx_hal.o
 .debug_aranges
                0x00000330      0x100 ./Drivers/STM32F1xx_HAL_Driver/Src/stm32f1xx_hal_cortex.o
 .debug_aranges
                0x00000430       0x58 ./Drivers/STM32F1xx_HAL_Driver/Src/stm32f1xx_hal_gpio.o
 .debug_aranges
                0x00000488       0x90 ./Drivers/STM32F1xx_HAL_Driver/Src/stm32f1xx_hal_rcc.o
 .debug_aranges
                0x00000518      0x3d0 ./Drivers/STM32F1xx_HAL_Driver/Src/stm32f1xx_hal_tim.o
 .debug_aranges
                0x000008e8      0x168 ./Drivers/STM32F1xx_HAL_Driver/Src/stm32f1xx_hal_tim_ex.o

.debug_rnglists
                0x00000000      0x7da
 .debug_rnglists
                0x00000000       0x20 ./Core/Src/button.o
 .debug_rnglists
                0x00000020       0x14 ./Core/Src/fsm_auto.o
 .debug_rnglists
                0x00000034       0x14 ./Core/Src/global.o
 .debug_rnglists
                0x00000048       0x69 ./Core/Src/led_display.o
 .debug_rnglists
                0x000000b1       0x33 ./Core/Src/main.o
 .debug_rnglists
                0x000000e4       0x19 ./Core/Src/software_timer.o
 .debug_rnglists
                0x000000fd       0x1f ./Core/Src/stm32f1xx_hal_msp.o
 .debug_rnglists
                0x0000011c       0x43 ./Core/Src/stm32f1xx_it.o
 .debug_rnglists
                0x0000015f       0x1a ./Core/Src/system_stm32f1xx.o
 .debug_rnglists
                0x00000179       0x19 ./Core/Startup/startup_stm32f103c6ux.o
 .debug_rnglists
                0x00000192       0xa3 ./Drivers/STM32F1xx_HAL_Driver/Src/stm32f1xx_hal.o
 .debug_rnglists
                0x00000235       0xbb ./Drivers/STM32F1xx_HAL_Driver/Src/stm32f1xx_hal_cortex.o
 .debug_rnglists
                0x000002f0       0x3f ./Drivers/STM32F1xx_HAL_Driver/Src/stm32f1xx_hal_gpio.o
 .debug_rnglists
                0x0000032f       0x6c ./Drivers/STM32F1xx_HAL_Driver/Src/stm32f1xx_hal_rcc.o
 .debug_rnglists
                0x0000039b      0x31a ./Drivers/STM32F1xx_HAL_Driver/Src/stm32f1xx_hal_tim.o
 .debug_rnglists
                0x000006b5      0x125 ./Drivers/STM32F1xx_HAL_Driver/Src/stm32f1xx_hal_tim_ex.o

.debug_macro    0x00000000    0x16b33
 .debug_macro   0x00000000      0x1b5 ./Core/Src/button.o
 .debug_macro   0x000001b5      0xaa8 ./Core/Src/button.o
 .debug_macro   0x00000c5d      0x215 ./Core/Src/button.o
 .debug_macro   0x00000e72       0x2e ./Core/Src/button.o
 .debug_macro   0x00000ea0       0x22 ./Core/Src/button.o
 .debug_macro   0x00000ec2       0x22 ./Core/Src/button.o
 .debug_macro   0x00000ee4       0x8e ./Core/Src/button.o
 .debug_macro   0x00000f72       0x51 ./Core/Src/button.o
 .debug_macro   0x00000fc3      0x103 ./Core/Src/button.o
 .debug_macro   0x000010c6       0x6a ./Core/Src/button.o
 .debug_macro   0x00001130      0x1df ./Core/Src/button.o
 .debug_macro   0x0000130f       0x1c ./Core/Src/button.o
 .debug_macro   0x0000132b       0x22 ./Core/Src/button.o
 .debug_macro   0x0000134d       0xbd ./Core/Src/button.o
 .debug_macro   0x0000140a      0xd23 ./Core/Src/button.o
 .debug_macro   0x0000212d     0xde75 ./Core/Src/button.o
 .debug_macro   0x0000ffa2       0x6d ./Core/Src/button.o
 .debug_macro   0x0001000f     0x34a2 ./Core/Src/button.o
 .debug_macro   0x000134b1      0x189 ./Core/Src/button.o
 .debug_macro   0x0001363a       0x5c ./Core/Src/button.o
 .debug_macro   0x00013696      0x5bc ./Core/Src/button.o
 .debug_macro   0x00013c52      0x1b7 ./Core/Src/button.o
 .debug_macro   0x00013e09      0x1cb ./Core/Src/button.o
 .debug_macro   0x00013fd4      0x114 ./Core/Src/button.o
 .debug_macro   0x000140e8      0x1b2 ./Core/Src/button.o
 .debug_macro   0x0001429a       0x27 ./Core/Src/button.o
 .debug_macro   0x000142c1      0x12f ./Core/Src/button.o
 .debug_macro   0x000143f0      0x1bc ./Core/Src/button.o
 .debug_macro   0x000145ac       0x34 ./Core/Src/button.o
 .debug_macro   0x000145e0       0x3c ./Core/Src/button.o
 .debug_macro   0x0001461c       0x57 ./Core/Src/button.o
 .debug_macro   0x00014673       0x87 ./Core/Src/button.o
 .debug_macro   0x000146fa      0x183 ./Core/Src/button.o
 .debug_macro   0x0001487d      0x140 ./Core/Src/button.o
 .debug_macro   0x000149bd      0x8ed ./Core/Src/button.o
 .debug_macro   0x000152aa       0x69 ./Core/Src/button.o
 .debug_macro   0x00015313      0x160 ./Core/Src/button.o
 .debug_macro   0x00015473       0x16 ./Core/Src/button.o
 .debug_macro   0x00015489      0x1d7 ./Core/Src/fsm_auto.o
 .debug_macro   0x00015660       0x1c ./Core/Src/fsm_auto.o
 .debug_macro   0x0001567c      0x1c9 ./Core/Src/global.o
 .debug_macro   0x00015845      0x1cd ./Core/Src/led_display.o
 .debug_macro   0x00015a12      0x1ed ./Core/Src/main.o
 .debug_macro   0x00015bff       0x1b ./Core/Src/software_timer.o
 .debug_macro   0x00015c1a      0x1a6 ./Core/Src/stm32f1xx_hal_msp.o
 .debug_macro   0x00015dc0      0x1b0 ./Core/Src/stm32f1xx_it.o
 .debug_macro   0x00015f70      0x197 ./Core/Src/system_stm32f1xx.o
 .debug_macro   0x00016107      0x1bb ./Drivers/STM32F1xx_HAL_Driver/Src/stm32f1xx_hal.o
 .debug_macro   0x000162c2      0x197 ./Drivers/STM32F1xx_HAL_Driver/Src/stm32f1xx_hal_cortex.o
 .debug_macro   0x00016459      0x202 ./Drivers/STM32F1xx_HAL_Driver/Src/stm32f1xx_hal_gpio.o
 .debug_macro   0x0001665b      0x1a9 ./Drivers/STM32F1xx_HAL_Driver/Src/stm32f1xx_hal_rcc.o
 .debug_macro   0x00016804      0x198 ./Drivers/STM32F1xx_HAL_Driver/Src/stm32f1xx_hal_tim.o
 .debug_macro   0x0001699c      0x197 ./Drivers/STM32F1xx_HAL_Driver/Src/stm32f1xx_hal_tim_ex.o

.debug_line     0x00000000     0xb9d1
 .debug_line    0x00000000      0x78f ./Core/Src/button.o
 .debug_line    0x0000078f      0x834 ./Core/Src/fsm_auto.o
 .debug_line    0x00000fc3      0x732 ./Core/Src/global.o
 .debug_line    0x000016f5      0x94f ./Core/Src/led_display.o
 .debug_line    0x00002044      0x855 ./Core/Src/main.o
 .debug_line    0x00002899       0xa0 ./Core/Src/software_timer.o
 .debug_line    0x00002939      0x722 ./Core/Src/stm32f1xx_hal_msp.o
 .debug_line    0x0000305b      0x7ab ./Core/Src/stm32f1xx_it.o
 .debug_line    0x00003806      0x767 ./Core/Src/system_stm32f1xx.o
 .debug_line    0x00003f6d       0x78 ./Core/Startup/startup_stm32f103c6ux.o
 .debug_line    0x00003fe5      0x994 ./Drivers/STM32F1xx_HAL_Driver/Src/stm32f1xx_hal.o
 .debug_line    0x00004979      0xb80 ./Drivers/STM32F1xx_HAL_Driver/Src/stm32f1xx_hal_cortex.o
 .debug_line    0x000054f9      0xa18 ./Drivers/STM32F1xx_HAL_Driver/Src/stm32f1xx_hal_gpio.o
 .debug_line    0x00005f11      0xd9d ./Drivers/STM32F1xx_HAL_Driver/Src/stm32f1xx_hal_rcc.o
 .debug_line    0x00006cae     0x3470 ./Drivers/STM32F1xx_HAL_Driver/Src/stm32f1xx_hal_tim.o
 .debug_line    0x0000a11e     0x18b3 ./Drivers/STM32F1xx_HAL_Driver/Src/stm32f1xx_hal_tim_ex.o

.debug_str      0x00000000    0x82661
 .debug_str     0x00000000    0x7f8d1 ./Core/Src/button.o
                              0x7fc26 (size before relaxing)
 .debug_str     0x0007f8d1      0x1d7 ./Core/Src/fsm_auto.o
                              0x7fd72 (size before relaxing)
 .debug_str     0x0007faa8       0xd4 ./Core/Src/global.o
                              0x7fd0c (size before relaxing)
 .debug_str     0x0007fb7c       0xd1 ./Core/Src/led_display.o
                              0x7fd24 (size before relaxing)
 .debug_str     0x0007fc4d      0x79f ./Core/Src/main.o
                              0x80486 (size before relaxing)
 .debug_str     0x000803ec       0x3d ./Core/Src/software_timer.o
                               0x2e00 (size before relaxing)
 .debug_str     0x00080429       0x90 ./Core/Src/stm32f1xx_hal_msp.o
                              0x80076 (size before relaxing)
 .debug_str     0x000804b9       0xc9 ./Core/Src/stm32f1xx_it.o
                              0x7fba1 (size before relaxing)
 .debug_str     0x00080582       0x88 ./Core/Src/system_stm32f1xx.o
                              0x7f726 (size before relaxing)
 .debug_str     0x0008060a       0x44 ./Core/Startup/startup_stm32f103c6ux.o
                                 0x62 (size before relaxing)
 .debug_str     0x0008064e      0x5d7 ./Drivers/STM32F1xx_HAL_Driver/Src/stm32f1xx_hal.o
                              0x7fe1f (size before relaxing)
 .debug_str     0x00080c25      0x2bb ./Drivers/STM32F1xx_HAL_Driver/Src/stm32f1xx_hal_cortex.o
                              0x7fd6b (size before relaxing)
 .debug_str     0x00080ee0      0x2d2 ./Drivers/STM32F1xx_HAL_Driver/Src/stm32f1xx_hal_gpio.o
                              0x7faac (size before relaxing)
 .debug_str     0x000811b2      0x229 ./Drivers/STM32F1xx_HAL_Driver/Src/stm32f1xx_hal_rcc.o
                              0x7fb55 (size before relaxing)
 .debug_str     0x000813db      0xdf3 ./Drivers/STM32F1xx_HAL_Driver/Src/stm32f1xx_hal_tim.o
                              0x80b57 (size before relaxing)
 .debug_str     0x000821ce      0x493 ./Drivers/STM32F1xx_HAL_Driver/Src/stm32f1xx_hal_tim_ex.o
                              0x80363 (size before relaxing)

.comment        0x00000000       0x43
 .comment       0x00000000       0x43 ./Core/Src/button.o
                                 0x44 (size before relaxing)
 .comment       0x00000043       0x44 ./Core/Src/fsm_auto.o
 .comment       0x00000043       0x44 ./Core/Src/global.o
 .comment       0x00000043       0x44 ./Core/Src/led_display.o
 .comment       0x00000043       0x44 ./Core/Src/main.o
 .comment       0x00000043       0x44 ./Core/Src/software_timer.o
 .comment       0x00000043       0x44 ./Core/Src/stm32f1xx_hal_msp.o
 .comment       0x00000043       0x44 ./Core/Src/stm32f1xx_it.o
 .comment       0x00000043       0x44 ./Core/Src/system_stm32f1xx.o
 .comment       0x00000043       0x44 ./Drivers/STM32F1xx_HAL_Driver/Src/stm32f1xx_hal.o
 .comment       0x00000043       0x44 ./Drivers/STM32F1xx_HAL_Driver/Src/stm32f1xx_hal_cortex.o
 .comment       0x00000043       0x44 ./Drivers/STM32F1xx_HAL_Driver/Src/stm32f1xx_hal_gpio.o
 .comment       0x00000043       0x44 ./Drivers/STM32F1xx_HAL_Driver/Src/stm32f1xx_hal_rcc.o
 .comment       0x00000043       0x44 ./Drivers/STM32F1xx_HAL_Driver/Src/stm32f1xx_hal_tim.o
 .comment       0x00000043       0x44 ./Drivers/STM32F1xx_HAL_Driver/Src/stm32f1xx_hal_tim_ex.o

.debug_frame    0x00000000     0x28ec
 .debug_frame   0x00000000       0x84 ./Core/Src/button.o
 .debug_frame   0x00000084       0x2c ./Core/Src/fsm_auto.o
 .debug_frame   0x000000b0       0x30 ./Core/Src/global.o
 .debug_frame   0x000000e0      0x1fc ./Core/Src/led_display.o
 .debug_frame   0x000002dc       0xd4 ./Core/Src/main.o
 .debug_frame   0x000003b0       0x60 ./Core/Src/software_timer.o
 .debug_frame   0x00000410       0x88 ./Core/Src/stm32f1xx_hal_msp.o
 .debug_frame   0x00000498      0x104 ./Core/Src/stm32f1xx_it.o
 .debug_frame   0x0000059c       0x58 ./Core/Src/system_stm32f1xx.o
 .debug_frame   0x000005f4      0x334 ./Drivers/STM32F1xx_HAL_Driver/Src/stm32f1xx_hal.o
 .debug_frame   0x00000928      0x428 ./Drivers/STM32F1xx_HAL_Driver/Src/stm32f1xx_hal_cortex.o
 .debug_frame   0x00000d50      0x14c ./Drivers/STM32F1xx_HAL_Driver/Src/stm32f1xx_hal_gpio.o
 .debug_frame   0x00000e9c      0x218 ./Drivers/STM32F1xx_HAL_Driver/Src/stm32f1xx_hal_rcc.o
 .debug_frame   0x000010b4     0x11b4 ./Drivers/STM32F1xx_HAL_Driver/Src/stm32f1xx_hal_tim.o
 .debug_frame   0x00002268      0x638 ./Drivers/STM32F1xx_HAL_Driver/Src/stm32f1xx_hal_tim_ex.o
 .debug_frame   0x000028a0       0x20 C:/ST/STM32CubeIDE_1.7.0/STM32CubeIDE/plugins/com.st.stm32cube.ide.mcu.externaltools.gnu-tools-for-stm32.12.3.rel1.win32_1.0.200.202406191623/tools/bin/../lib/gcc/arm-none-eabi/12.3.1/../../../../arm-none-eabi/lib/thumb/v7-m/nofp\libc_nano.a(libc_a-memset.o)
 .debug_frame   0x000028c0       0x2c C:/ST/STM32CubeIDE_1.7.0/STM32CubeIDE/plugins/com.st.stm32cube.ide.mcu.externaltools.gnu-tools-for-stm32.12.3.rel1.win32_1.0.200.202406191623/tools/bin/../lib/gcc/arm-none-eabi/12.3.1/../../../../arm-none-eabi/lib/thumb/v7-m/nofp\libc_nano.a(libc_a-init.o)

.debug_line_str
                0x00000000       0x46
 .debug_line_str
                0x00000000       0x46 ./Core/Startup/startup_stm32f103c6ux.o
