../Core/Src/display_led.c:10:6:displayFirstLedCouple	16	static
../Core/Src/display_led.c:39:6:displaySecondLedCouple	16	static
../Core/Src/display_led.c:66:6:toggleLeds	16	static
../Core/Src/display_led.c:86:6:displaySEG7_1	32	static
../Core/Src/display_led.c:92:6:displaySEG7_2	32	static
../Core/Src/display_led.c:98:6:enable0	8	static
../Core/Src/display_led.c:103:6:enable1	8	static
../Core/Src/display_led.c:108:6:enable2	8	static
../Core/Src/display_led.c:113:6:enable3	8	static
../Core/Src/display_led.c:117:6:enable4	8	static
../Core/Src/display_led.c:122:6:enable5	8	static
../Core/Src/display_led.c:126:6:showTimeDelay_First	16	static
../Core/Src/display_led.c:135:6:showTimeDelay_Second	16	static
../Core/Src/display_led.c:143:6:showTimeDelay1	16	static
../Core/Src/display_led.c:148:6:showTimeDelay2	16	static
