../Core/Src/led_display.c:11:7:displayFirstLedCouple	16	static
../Core/Src/led_display.c:40:7:displaySecondLedCouple	16	static
../Core/Src/led_display.c:67:6:toggleLeds	16	static
../Core/Src/led_display.c:86:6:displaySEG7_1	32	static
../Core/Src/led_display.c:92:6:displaySEG7_2	32	static
../Core/Src/led_display.c:99:6:enable0	8	static
../Core/Src/led_display.c:104:6:enable1	8	static
../Core/Src/led_display.c:109:6:enable2	8	static
../Core/Src/led_display.c:114:6:enable3	8	static
../Core/Src/led_display.c:118:6:enable4	8	static
../Core/Src/led_display.c:123:6:enable5	8	static
../Core/Src/led_display.c:127:6:showTimeDelay_First	16	static
../Core/Src/led_display.c:136:6:showTimeDelay_Second	16	static
../Core/Src/led_display.c:144:6:showTimeDelay1	16	static
../Core/Src/led_display.c:149:6:showTimeDelay2	16	static
